2026-06-09T06:26:42.531Z - error: column "has_custom_permissions" does not exist
    at D:\Product_Registration\backend\node_modules\pg-pool\index.js:45:11
    at process.processTicksAndRejections (node:internal/process/task_queues:104:5)
    at async getUserPermissions (D:\Product_Registration\backend\src\controllers\adminController.js:521:21)

2026-06-09T06:26:43.675Z - error: column "has_custom_permissions" does not exist
    at D:\Product_Registration\backend\node_modules\pg-pool\index.js:45:11
    at process.processTicksAndRejections (node:internal/process/task_queues:104:5)
    at async getUserPermissions (D:\Product_Registration\backend\src\controllers\adminController.js:521:21)

2026-06-09T06:26:45.799Z - error: column "has_custom_permissions" does not exist
    at D:\Product_Registration\backend\node_modules\pg-pool\index.js:45:11
    at process.processTicksAndRejections (node:internal/process/task_queues:104:5)
    at async getUserPermissions (D:\Product_Registration\backend\src\controllers\adminController.js:521:21)

2026-06-09T06:26:49.933Z - error: column "has_custom_permissions" does not exist
    at D:\Product_Registration\backend\node_modules\pg-pool\index.js:45:11
    at process.processTicksAndRejections (node:internal/process/task_queues:104:5)
    at async getUserPermissions (D:\Product_Registration\backend\src\controllers\adminController.js:521:21)

2026-06-09T06:31:33.020Z - error: column "has_custom_permissions" does not exist
    at D:\Product_Registration\backend\node_modules\pg-pool\index.js:45:11
    at process.processTicksAndRejections (node:internal/process/task_queues:104:5)
    at async getUserPermissions (D:\Product_Registration\backend\src\controllers\adminController.js:521:21)

2026-06-09T06:31:34.150Z - error: column "has_custom_permissions" does not exist
    at D:\Product_Registration\backend\node_modules\pg-pool\index.js:45:11
    at process.processTicksAndRejections (node:internal/process/task_queues:104:5)
    at async getUserPermissions (D:\Product_Registration\backend\src\controllers\adminController.js:521:21)

2026-06-09T06:34:19.074Z - error: column "has_custom_permissions" does not exist
    at D:\Product_Registration\backend\node_modules\pg-pool\index.js:45:11
    at process.processTicksAndRejections (node:internal/process/task_queues:104:5)
    at async getUserPermissions (D:\Product_Registration\backend\src\controllers\adminController.js:521:21)

2026-06-09T06:34:20.406Z - error: column "has_custom_permissions" does not exist
    at D:\Product_Registration\backend\node_modules\pg-pool\index.js:45:11
    at process.processTicksAndRejections (node:internal/process/task_queues:104:5)
    at async getUserPermissions (D:\Product_Registration\backend\src\controllers\adminController.js:521:21)

2026-06-09T06:34:22.721Z - error: column "has_custom_permissions" does not exist
    at D:\Product_Registration\backend\node_modules\pg-pool\index.js:45:11
    at process.processTicksAndRejections (node:internal/process/task_queues:104:5)
    at async getUserPermissions (D:\Product_Registration\backend\src\controllers\adminController.js:521:21)

2026-06-09T06:34:27.021Z - error: column "has_custom_permissions" does not exist
    at D:\Product_Registration\backend\node_modules\pg-pool\index.js:45:11
    at process.processTicksAndRejections (node:internal/process/task_queues:104:5)
    at async getUserPermissions (D:\Product_Registration\backend\src\controllers\adminController.js:521:21)

2026-06-09T06:34:38.566Z - error: column "has_custom_permissions" does not exist
    at D:\Product_Registration\backend\node_modules\pg-pool\index.js:45:11
    at process.processTicksAndRejections (node:internal/process/task_queues:104:5)
    at async getUserPermissions (D:\Product_Registration\backend\src\controllers\adminController.js:521:21)

2026-06-09T06:34:39.677Z - error: column "has_custom_permissions" does not exist
    at D:\Product_Registration\backend\node_modules\pg-pool\index.js:45:11
    at process.processTicksAndRejections (node:internal/process/task_queues:104:5)
    at async getUserPermissions (D:\Product_Registration\backend\src\controllers\adminController.js:521:21)

2026-06-09T06:34:41.787Z - error: column "has_custom_permissions" does not exist
    at D:\Product_Registration\backend\node_modules\pg-pool\index.js:45:11
    at process.processTicksAndRejections (node:internal/process/task_queues:104:5)
    at async getUserPermissions (D:\Product_Registration\backend\src\controllers\adminController.js:521:21)

2026-06-09T06:34:45.994Z - error: column "has_custom_permissions" does not exist
    at D:\Product_Registration\backend\node_modules\pg-pool\index.js:45:11
    at process.processTicksAndRejections (node:internal/process/task_queues:104:5)
    at async getUserPermissions (D:\Product_Registration\backend\src\controllers\adminController.js:521:21)

2026-06-09T06:34:47.581Z - error: column "has_custom_permissions" does not exist
    at D:\Product_Registration\backend\node_modules\pg-pool\index.js:45:11
    at process.processTicksAndRejections (node:internal/process/task_queues:104:5)
    at async getUserPermissions (D:\Product_Registration\backend\src\controllers\adminController.js:521:21)

2026-06-09T06:35:12.483Z - error: column "has_custom_permissions" does not exist
    at D:\Product_Registration\backend\node_modules\pg-pool\index.js:45:11
    at process.processTicksAndRejections (node:internal/process/task_queues:104:5)
    at async getUserPermissions (D:\Product_Registration\backend\src\controllers\adminController.js:521:21)

2026-06-09T06:35:13.800Z - error: column "has_custom_permissions" does not exist
    at D:\Product_Registration\backend\node_modules\pg-pool\index.js:45:11
    at process.processTicksAndRejections (node:internal/process/task_queues:104:5)
    at async getUserPermissions (D:\Product_Registration\backend\src\controllers\adminController.js:521:21)

2026-06-09T06:35:16.113Z - error: column "has_custom_permissions" does not exist
    at D:\Product_Registration\backend\node_modules\pg-pool\index.js:45:11
    at process.processTicksAndRejections (node:internal/process/task_queues:104:5)
    at async getUserPermissions (D:\Product_Registration\backend\src\controllers\adminController.js:521:21)

2026-06-09T06:35:37.932Z - error: column "has_custom_permissions" does not exist
    at D:\Product_Registration\backend\node_modules\pg-pool\index.js:45:11
    at process.processTicksAndRejections (node:internal/process/task_queues:104:5)
    at async getUserPermissions (D:\Product_Registration\backend\src\controllers\adminController.js:521:21)

2026-06-09T06:35:43.142Z - error: column "has_custom_permissions" does not exist
    at D:\Product_Registration\backend\node_modules\pg-pool\index.js:45:11
    at process.processTicksAndRejections (node:internal/process/task_queues:104:5)
    at async getUserPermissions (D:\Product_Registration\backend\src\controllers\adminController.js:521:21)

2026-06-09T06:35:44.445Z - error: column "has_custom_permissions" does not exist
    at D:\Product_Registration\backend\node_modules\pg-pool\index.js:45:11
    at process.processTicksAndRejections (node:internal/process/task_queues:104:5)
    at async getUserPermissions (D:\Product_Registration\backend\src\controllers\adminController.js:521:21)

2026-06-09T06:35:46.752Z - error: column "has_custom_permissions" does not exist
    at D:\Product_Registration\backend\node_modules\pg-pool\index.js:45:11
    at process.processTicksAndRejections (node:internal/process/task_queues:104:5)
    at async getUserPermissions (D:\Product_Registration\backend\src\controllers\adminController.js:521:21)

2026-06-09T06:36:10.227Z - error: column "has_custom_permissions" does not exist
    at D:\Product_Registration\backend\node_modules\pg-pool\index.js:45:11
    at process.processTicksAndRejections (node:internal/process/task_queues:104:5)
    at async getUserPermissions (D:\Product_Registration\backend\src\controllers\adminController.js:521:21)

2026-06-09T06:42:15.718Z - error: column "has_custom_permissions" does not exist
    at D:\Product_Registration\backend\node_modules\pg-pool\index.js:45:11
    at process.processTicksAndRejections (node:internal/process/task_queues:104:5)
    at async getUserPermissions (D:\Product_Registration\backend\src\controllers\adminController.js:521:21)

2026-06-09T06:42:16.870Z - error: column "has_custom_permissions" does not exist
    at D:\Product_Registration\backend\node_modules\pg-pool\index.js:45:11
    at process.processTicksAndRejections (node:internal/process/task_queues:104:5)
    at async getUserPermissions (D:\Product_Registration\backend\src\controllers\adminController.js:521:21)

2026-06-09T06:42:19.026Z - error: column "has_custom_permissions" does not exist
    at D:\Product_Registration\backend\node_modules\pg-pool\index.js:45:11
    at process.processTicksAndRejections (node:internal/process/task_queues:104:5)
    at async getUserPermissions (D:\Product_Registration\backend\src\controllers\adminController.js:521:21)

2026-06-09T06:42:23.173Z - error: column "has_custom_permissions" does not exist
    at D:\Product_Registration\backend\node_modules\pg-pool\index.js:45:11
    at process.processTicksAndRejections (node:internal/process/task_queues:104:5)
    at async getUserPermissions (D:\Product_Registration\backend\src\controllers\adminController.js:521:21)

2026-06-09T06:42:39.236Z - error: column "has_custom_permissions" does not exist
    at D:\Product_Registration\backend\node_modules\pg-pool\index.js:45:11
    at process.processTicksAndRejections (node:internal/process/task_queues:104:5)
    at async getUserPermissions (D:\Product_Registration\backend\src\controllers\adminController.js:521:21)

2026-06-09T06:42:40.388Z - error: column "has_custom_permissions" does not exist
    at D:\Product_Registration\backend\node_modules\pg-pool\index.js:45:11
    at process.processTicksAndRejections (node:internal/process/task_queues:104:5)
    at async getUserPermissions (D:\Product_Registration\backend\src\controllers\adminController.js:521:21)

2026-06-09T06:42:42.821Z - error: column "has_custom_permissions" does not exist
    at D:\Product_Registration\backend\node_modules\pg-pool\index.js:45:11
    at process.processTicksAndRejections (node:internal/process/task_queues:104:5)
    at async getUserPermissions (D:\Product_Registration\backend\src\controllers\adminController.js:521:21)

2026-06-09T06:42:47.263Z - error: column "has_custom_permissions" does not exist
    at D:\Product_Registration\backend\node_modules\pg-pool\index.js:45:11
    at process.processTicksAndRejections (node:internal/process/task_queues:104:5)
    at async getUserPermissions (D:\Product_Registration\backend\src\controllers\adminController.js:521:21)

2026-06-09T06:58:16.993Z - Error: Database migration pending. Please run the migration script to add has_custom_permissions column.
    at D:\Product_Registration\backend\src\controllers\adminController.js:551:15
    at process.processTicksAndRejections (node:internal/process/task_queues:104:5)
    at async Object.withTransaction (D:\Product_Registration\backend\src\config\db.js:45:20)
    at async updateUserPermissions (D:\Product_Registration\backend\src\controllers\adminController.js:546:5)

2026-06-09T06:58:45.395Z - Error: Database migration pending. Please run the migration script to add has_custom_permissions column.
    at D:\Product_Registration\backend\src\controllers\adminController.js:551:15
    at process.processTicksAndRejections (node:internal/process/task_queues:104:5)
    at async Object.withTransaction (D:\Product_Registration\backend\src\config\db.js:45:20)
    at async updateUserPermissions (D:\Product_Registration\backend\src\controllers\adminController.js:546:5)

2026-06-09T07:43:53.067Z - error: insert or update on table "user_permissions" violates foreign key constraint "user_permissions_permission_id_fkey"
    at D:\Product_Registration\backend\node_modules\pg\lib\client.js:631:17
    at process.processTicksAndRejections (node:internal/process/task_queues:104:5)
    at async D:\Product_Registration\backend\src\controllers\adminController.js:568:11
    at async Object.withTransaction (D:\Product_Registration\backend\src\config\db.js:45:20)
    at async updateUserPermissions (D:\Product_Registration\backend\src\controllers\adminController.js:550:5)

2026-06-09T07:44:02.375Z - error: insert or update on table "user_permissions" violates foreign key constraint "user_permissions_permission_id_fkey"
    at D:\Product_Registration\backend\node_modules\pg\lib\client.js:631:17
    at process.processTicksAndRejections (node:internal/process/task_queues:104:5)
    at async D:\Product_Registration\backend\src\controllers\adminController.js:568:11
    at async Object.withTransaction (D:\Product_Registration\backend\src\config\db.js:45:20)
    at async updateUserPermissions (D:\Product_Registration\backend\src\controllers\adminController.js:550:5)

2026-06-09T10:15:40.633Z - Error: Connection terminated due to connection timeout
    at D:\Product_Registration\backend\node_modules\pg-pool\index.js:45:11
    at process.processTicksAndRejections (node:internal/process/task_queues:104:5)
    at async getSaleOptions (D:\Product_Registration\backend\src\controllers\bookASaleController.js:12:27)

2026-06-09T10:15:40.649Z - Error: Connection terminated due to connection timeout
    at D:\Product_Registration\backend\node_modules\pg-pool\index.js:45:11
    at process.processTicksAndRejections (node:internal/process/task_queues:104:5)
    at async getSales (D:\Product_Registration\backend\src\controllers\bookASaleController.js:82:20)

2026-06-09T10:15:51.699Z - Error: Connection terminated due to connection timeout
    at D:\Product_Registration\backend\node_modules\pg-pool\index.js:45:11
    at process.processTicksAndRejections (node:internal/process/task_queues:104:5)
    at async getSales (D:\Product_Registration\backend\src\controllers\bookASaleController.js:82:20)

2026-06-09T10:15:51.706Z - Error: Connection terminated due to connection timeout
    at D:\Product_Registration\backend\node_modules\pg-pool\index.js:45:11
    at process.processTicksAndRejections (node:internal/process/task_queues:104:5)
    at async getSaleOptions (D:\Product_Registration\backend\src\controllers\bookASaleController.js:12:27)

2026-06-09T10:16:38.761Z - Error: Connection terminated due to connection timeout
    at D:\Product_Registration\backend\node_modules\pg-pool\index.js:45:11
    at process.processTicksAndRejections (node:internal/process/task_queues:104:5)
    at async getFinishedGoods (D:\Product_Registration\backend\src\controllers\finishedGoodsController.js:121:24)

2026-06-09T10:17:04.999Z - Error: Connection terminated due to connection timeout
    at D:\Product_Registration\backend\node_modules\pg-pool\index.js:45:11
    at process.processTicksAndRejections (node:internal/process/task_queues:104:5)
    at async login (D:\Product_Registration\backend\src\controllers\authController.js:18:20)

2026-06-09T10:17:40.170Z - Error: Connection terminated due to connection timeout
    at D:\Product_Registration\backend\node_modules\pg-pool\index.js:45:11
    at process.processTicksAndRejections (node:internal/process/task_queues:104:5)
    at async login (D:\Product_Registration\backend\src\controllers\authController.js:18:20)

2026-06-09T10:41:57.299Z - Error: Connection terminated due to connection timeout
    at D:\Product_Registration\backend\node_modules\pg-pool\index.js:45:11
    at process.processTicksAndRejections (node:internal/process/task_queues:104:5)
    at async login (D:\Product_Registration\backend\src\controllers\authController.js:18:20)

2026-06-09T10:42:18.922Z - Error: Connection terminated due to connection timeout
    at D:\Product_Registration\backend\node_modules\pg-pool\index.js:45:11
    at process.processTicksAndRejections (node:internal/process/task_queues:104:5)
    at async getCompanies (D:\Product_Registration\backend\src\controllers\companyController.js:6:20)

2026-06-09T10:42:18.929Z - Error: Connection terminated due to connection timeout
    at D:\Product_Registration\backend\node_modules\pg-pool\index.js:45:11
    at process.processTicksAndRejections (node:internal/process/task_queues:104:5)
    at async getCategories (D:\Product_Registration\backend\src\controllers\categoryController.js:6:20)

2026-06-09T10:42:28.983Z - Error: Connection terminated due to connection timeout
    at D:\Product_Registration\backend\node_modules\pg-pool\index.js:45:11
    at process.processTicksAndRejections (node:internal/process/task_queues:104:5)
    at async getCategories (D:\Product_Registration\backend\src\controllers\categoryController.js:6:20)

2026-06-09T10:42:28.987Z - Error: Connection terminated due to connection timeout
    at D:\Product_Registration\backend\node_modules\pg-pool\index.js:45:11
    at process.processTicksAndRejections (node:internal/process/task_queues:104:5)
    at async getCompanies (D:\Product_Registration\backend\src\controllers\companyController.js:6:20)

2026-06-09T10:43:11.297Z - Error: Connection terminated due to connection timeout
    at D:\Product_Registration\backend\node_modules\pg-pool\index.js:45:11
    at process.processTicksAndRejections (node:internal/process/task_queues:104:5)
    at async getFinishedGoods (D:\Product_Registration\backend\src\controllers\finishedGoodsController.js:121:24)

2026-06-09T10:43:20.969Z - Error: Connection terminated due to connection timeout
    at D:\Product_Registration\backend\node_modules\pg-pool\index.js:45:11
    at process.processTicksAndRejections (node:internal/process/task_queues:104:5)
    at async login (D:\Product_Registration\backend\src\controllers\authController.js:18:20)

2026-06-12T03:39:10.755Z - Error: Connection terminated due to connection timeout
    at D:\Product_Registration\backend\node_modules\pg-pool\index.js:45:11
    at process.processTicksAndRejections (node:internal/process/task_queues:104:5)
    at async login (D:\Product_Registration\backend\src\controllers\authController.js:23:20)

2026-06-12T03:39:55.958Z - Error: Connection terminated due to connection timeout
    at D:\Product_Registration\backend\node_modules\pg-pool\index.js:45:11
    at process.processTicksAndRejections (node:internal/process/task_queues:104:5)
    at async login (D:\Product_Registration\backend\src\controllers\authController.js:23:20)

2026-06-12T03:40:41.944Z - Error: Connection terminated due to connection timeout
    at D:\Product_Registration\backend\node_modules\pg-pool\index.js:45:11
    at process.processTicksAndRejections (node:internal/process/task_queues:104:5)
    at async login (D:\Product_Registration\backend\src\controllers\authController.js:23:20)

2026-06-12T03:44:16.079Z - Error: Connection terminated due to connection timeout
    at D:\Product_Registration\backend\node_modules\pg-pool\index.js:45:11
    at process.processTicksAndRejections (node:internal/process/task_queues:104:5)
    at async login (D:\Product_Registration\backend\src\controllers\authController.js:23:20)

2026-06-12T03:51:44.108Z - Error: Connection terminated due to connection timeout
    at D:\Product_Registration\backend\node_modules\pg-pool\index.js:45:11
    at process.processTicksAndRejections (node:internal/process/task_queues:104:5)
    at async login (D:\Product_Registration\backend\src\controllers\authController.js:23:20)

2026-06-13T11:11:03.094Z - error: column u.phone_number does not exist
    at D:\Product_Registration\backend\node_modules\pg-pool\index.js:45:11
    at process.processTicksAndRejections (node:internal/process/task_queues:104:5)
    at async getEmployees (D:\Product_Registration\backend\src\modules\business\hr\controllers\employeeController.js:27:20)

2026-06-13T11:11:03.283Z - error: column u.phone_number does not exist
    at D:\Product_Registration\backend\node_modules\pg-pool\index.js:45:11
    at process.processTicksAndRejections (node:internal/process/task_queues:104:5)
    at async getEmployees (D:\Product_Registration\backend\src\modules\business\hr\controllers\employeeController.js:27:20)

2026-06-13T11:11:06.828Z - error: column u.phone_number does not exist
    at D:\Product_Registration\backend\node_modules\pg-pool\index.js:45:11
    at process.processTicksAndRejections (node:internal/process/task_queues:104:5)
    at async getEmployees (D:\Product_Registration\backend\src\modules\business\hr\controllers\employeeController.js:27:20)

2026-06-13T11:11:07.336Z - error: column u.phone_number does not exist
    at D:\Product_Registration\backend\node_modules\pg-pool\index.js:45:11
    at process.processTicksAndRejections (node:internal/process/task_queues:104:5)
    at async getEmployees (D:\Product_Registration\backend\src\modules\business\hr\controllers\employeeController.js:27:20)

2026-06-13T11:57:08.220Z - error: column u.phone_number does not exist
    at D:\Product_Registration\backend\node_modules\pg-pool\index.js:45:11
    at process.processTicksAndRejections (node:internal/process/task_queues:104:5)
    at async getEmployees (D:\Product_Registration\backend\src\modules\business\hr\controllers\employeeController.js:31:20)

2026-06-13T11:58:38.621Z - error: column u.phone_number does not exist
    at D:\Product_Registration\backend\node_modules\pg-pool\index.js:45:11
    at process.processTicksAndRejections (node:internal/process/task_queues:104:5)
    at async getEmployees (D:\Product_Registration\backend\src\modules\business\hr\controllers\employeeController.js:31:20)

2026-06-13T11:58:38.676Z - error: column u.phone_number does not exist
    at D:\Product_Registration\backend\node_modules\pg-pool\index.js:45:11
    at process.processTicksAndRejections (node:internal/process/task_queues:104:5)
    at async getEmployees (D:\Product_Registration\backend\src\modules\business\hr\controllers\employeeController.js:31:20)

2026-06-13T12:23:33.281Z - error: invalid input syntax for type numeric: ""
    at D:\Product_Registration\backend\node_modules\pg\lib\client.js:631:17
    at process.processTicksAndRejections (node:internal/process/task_queues:104:5)
    at async createEmployee (D:\Product_Registration\backend\src\modules\business\hr\controllers\employeeController.js:107:20)

2026-06-13T12:23:50.078Z - error: invalid input syntax for type numeric: ""
    at D:\Product_Registration\backend\node_modules\pg\lib\client.js:631:17
    at process.processTicksAndRejections (node:internal/process/task_queues:104:5)
    at async createEmployee (D:\Product_Registration\backend\src\modules\business\hr\controllers\employeeController.js:107:20)

2026-06-15T10:24:25.770Z - error: value too long for type character varying(255)
    at D:\Product_Registration\backend\node_modules\pg-pool\index.js:45:11
    at process.processTicksAndRejections (node:internal/process/task_queues:104:5)
    at async updateEmployee (D:\Product_Registration\backend\src\modules\business\hr\controllers\employeeController.js:223:7)

2026-06-15T10:24:42.777Z - error: value too long for type character varying(255)
    at D:\Product_Registration\backend\node_modules\pg-pool\index.js:45:11
    at process.processTicksAndRejections (node:internal/process/task_queues:104:5)
    at async updateEmployee (D:\Product_Registration\backend\src\modules\business\hr\controllers\employeeController.js:223:7)

